I will compute Ackermann(m, n) for you!
Type m (>= 0): Type n (>= 0): 125
