Boolean Testing: Passed
Reference Testing: Passed
