10.0000000.00000010.00000010.0000001.1000002.2000004.4000008.80000017.600000