Print? (true or false)
0 -> 4 -> 5 -> 3 -> 2 -> 6 -> 1 -> 9 -> 10 -> 12 -> 11 -> 8 -> 7
