Calculates the n-th number in the Fibonacci sequence
Enter n (<= 45): 
832040
