Fibonacci calculator using DP.
This calculator finds the 12th Fibonacci number.
The 12th Fibonacci number = 144
