binary_search:
collection: 12345
x: 3
x is found

factorial:
factorial of 5 is 120

fibonacci:
fibonacci of 8 is 21

selection_sort:
unsorted: 362
sorted: 236

tower_of_hanoi:
Move disk 1 from 1->3
Move disk 2 from 1->2
Move disk 1 from 3->2
Move disk 3 from 1->3
Move disk 1 from 2->1
Move disk 2 from 2->3
Move disk 1 from 1->3
