Please input 4 integers: The reversed array is: 4 3 2 1
