BAAAAAAAAAAAAAAAAAAAAAAAAAA!
Welcome to quantum bogo sort, for additional info please visit: http://wiki.c2.com/?QuantumBogoSort
disclaimer, this algorithim may destory your universe, the author of this code will not take any responsibilities for the annhiliation of your world.
Please press 1 to continue, press 2 to terminate
Please enter a random number
Please enter more numbers
Please enter more numbers
Please enter more numbers
Please enter more number
Begin Sorting