Provide an integer value: McCarthy's function applied to 42 yields 91
