Hello, give us two numbers, we will do some simple arithmetic operations for you: 
Please enter the first number: Please enter the second number: 
Nice, the two numbers you entered were 45 and 75
The sum of the numbers are: 120
The difference of the numbers are: -30
The product of the numbers are: 3375
The division result of the numbers are: 0
