Quiz: Would you survive Thanos? [SPOILER ALERT] 

Q1: Who is your favorite avenger? (Type the number)
1-Iron Man, 2-Captain America, 3-Thor, 4-Black Widow, 5-Hulk, 6-Hawk Eye
Q2: If you can wield the power of one Infinity Stone, which one do you prefer? 
1-Space, 2-Soul, 3-Time, 4-Reality, 5-Power, 6-Mind
Q3: Team Cap or Team Iron Man?
1-I'm with Cap, 2-I'm with Tony
Q4: Who should lead the Avengers after Endgame?
1-Captain Marvel, 2-Falcon, 3-Scarlet Witch, 4-Nick Fury, 5-Doctor Strange, 6-Black Panther
Q5: Who leads the guardians of the galaxy after Endgame?
1-Quill, 2-Thor, 3-Rocket, 4-Drax, 5-Gamora, 6-I am Groot, 7-NebulaOh No! You are dust now...
