Please provide an integer: Verifying array contents
42.000000
