Enter move: Player 1 hands: 1 1
Player 1 hands: 2 1
Enter move: Player 2 hands: 3 1
Player 2 hands: 2 1
Enter move: Player 1 hands: 3 1
Player 1 hands: 0 1
Enter move: Player 2 hands: 4 1
Player 2 hands: 0 1
Enter move: Player 1 hands: 4 1
Player 1 hands: 0 0
Winner: 1
