Before Sort: 5, 7, 9, -4, 1
After Sort: -4, -4, -4, -4, 1
